[cron] TTL sweep scheduler started (every 60s)
[server] Running on http://localhost:3001
[cron] Expired and deleted: e78027b1-470b-41dc-b0f5-9f7da60fc4e9
[2026-10-02T16:09:02.064Z] [PID: 77958] [32m[NODE-CRON][32m [33m[WARN][0m missed execution at Fri Oct 02 2026 16:09:00 GMT+0000 (Coordinated Universal Time)! Possible blocking IO or high CPU user at the same process used by node-cron.
82-086f-4ae2-b30b-84efeafefcbb
[cron] Expired and deleted: 8392f144-f9c0-48d5-a895-9aa0905c1225
[cron] Expired and deleted: c4ff5b6a-112d-4089-a47d-f4610c74a36c
[cron] Expired and deleted: fc6a6ee6-dde3-472a-93de-f23bb75d8a52
[2026-10-02T14:37:42.476Z] POST /upload
[upload] Stored file 46da2789-fa7d-4484-9fe0-16a9e1db0cef, TTL=3600s, password_protected=false
[2026-10-02T14:44:05.030Z] POST /download/85525631-1c5e-40a4-b887-4ec6d71293b4
[download] Served and deleted: 85525631-1c5e-40a4-b887-4ec6d71293b4
[2026-10-02T14:44:05.040Z] POST /download/85525631-1c5e-40a4-b887-4ec6d71293b4
[2026-10-02T14:44:05.042Z] POST /download/85525631-1c5e-40a4-b887-4ec6d71293b4
[2026-10-02T14:44:05.044Z] POST /download/85525631-1c5e-40a4-b887-4ec6d71293b4
[2026-10-02T14:44:05.046Z] POST /download/85525631-1c5e-40a4-b887-4ec6d71293b4
[2026-10-02T14:44:05.048Z] POST /download/85525631-1c5e-40a4-b887-4ec6d71293b4
[2026-10-02T14:44:05.049Z] POST /download/85525631-1c5e-40a4-b887-4ec6d71293b4
[2026-10-02T14:44:05.051Z] POST /download/85525631-1c5e-40a4-b887-4ec6d71293b4
[cron] Expired and deleted: 7cb12dab-0d9e-4327-8a6f-7438c28f2eb7
[cron] Expired and deleted: 89a99338-ea36-4f01-a6a5-b5b5b1102800
[cron] Expired and deleted: e78027b1-470b-41dc-b0f5-9f7da60fc4e9
[cron] Expired and deleted: 968b096e-f0e7-4e64-ad53-8c83acc8b29f
[cron] Expired and deleted: 46da2789-fa7d-4484-9fe0-16a9e1db0cef
[2026-10-02T16:03:49.683Z] POST /upload
[upload] Stored file 9129e28f-fb5e-4d09-b741-0cc797164ce9, TTL=3600s, password_protected=true
[2026-10-02T16:07:12.282Z] POST /download/9129e28f-fb5e-4d09-b741-0cc797164ce9
[2026-10-02T16:07:13.381Z] POST /download/9129e28f-fb5e-4d09-b741-0cc797164ce9
[2026-10-02T16:07:14.451Z] POST /download/9129e28f-fb5e-4d09-b741-0cc797164ce9
[2026-10-02T16:09:02.009Z] [PID: 75039] [32m[NODE-CRON][32m [33m[WARN][0m missed execution at Fri Oct 02 2026 16:09:00 GMT+0000 (Coordinated Universal Time)! Possible blocking IO or high CPU user at the same process used by node-cron.
